[datrics.themetags.com/index.html]
[backblue.gif]
[fade.gif]
[index.html]
[datrics.themetags.com/img/favicon.png]
[datrics.themetags.com/css/bootstrap.min.css]
[datrics.themetags.com/css/magnific-popup.css]
[datrics.themetags.com/css/themify-icons.css]
[datrics.themetags.com/css/all.min.css]
[datrics.themetags.com/css/animate.min.css]
[datrics.themetags.com/css/jquery.mb.YTPlayer.min.css]
[datrics.themetags.com/css/owl.carousel.min.css]
[datrics.themetags.com/css/owl.theme.default.min.css]
[datrics.themetags.com/css/style.css]
[datrics.themetags.com/css/responsive.css]
[datrics.themetags.com/index-2.html]
[datrics.themetags.com/img/logo-white.png]
[datrics.themetags.com/index-3.html]
[datrics.themetags.com/index-4.html]
[datrics.themetags.com/index-5.html]
[datrics.themetags.com/index-6.html]
[datrics.themetags.com/index-7.html]
[datrics.themetags.com/about-us.html]
[datrics.themetags.com/services.html]
[datrics.themetags.com/team.html]
[datrics.themetags.com/team-single.html]
[datrics.themetags.com/project-details.html]
[datrics.themetags.com/services-details.html]
[datrics.themetags.com/basic-login.html]
[datrics.themetags.com/login.html]
[datrics.themetags.com/basic-sign-up.html]
[datrics.themetags.com/sign-up.html]
[datrics.themetags.com/password-reset.html]
[datrics.themetags.com/change-password.html]
[datrics.themetags.com/download.html]
[datrics.themetags.com/review.html]
[datrics.themetags.com/faq.html]
[datrics.themetags.com/404.html]
[datrics.themetags.com/coming-soon.html]
[datrics.themetags.com/thank-you.html]
[datrics.themetags.com/project.html]
[datrics.themetags.com/blog-default.html]
[datrics.themetags.com/blog-no-sidebar.html]
[datrics.themetags.com/blog-left-sidebar.html]
[datrics.themetags.com/blog-right-sidebar.html]
[datrics.themetags.com/blog-right-sidebar-2.html]
[datrics.themetags.com/blog-single-left-sidebar.html]
[datrics.themetags.com/blog-single-right-sidebar.html]
[datrics.themetags.com/contact-us.html]
[datrics.themetags.com/img/bg-illustration.svg]
[datrics.themetags.com/img/hero-bottom-shape.svg]
[datrics.themetags.com/img/hero-animation-01.svg]
[datrics.themetags.com/img/hero-single-img-5.svg]
[datrics.themetags.com/img/hero-single-img-1.svg]
[datrics.themetags.com/img/consult.svg]
[datrics.themetags.com/img/machine-learning.svg]
[datrics.themetags.com/img/data-analytics.svg]
[datrics.themetags.com/img/data-security.svg]
[datrics.themetags.com/img/artificial-intelligence.svg]
[datrics.themetags.com/img/internet-things.svg]
[datrics.themetags.com/img/slider-img-2.jpg]
[datrics.themetags.com/img/portfolios/3.jpg]
[datrics.themetags.com/img/portfolios/2.jpg]
[datrics.themetags.com/img/portfolios/4.jpg]
[datrics.themetags.com/img/portfolios/1.jpg]
[datrics.themetags.com/img/portfolios/5.jpg]
[datrics.themetags.com/img/portfolios/6.jpg]
[datrics.themetags.com/img/blog/1.jpg]
[datrics.themetags.com/img/blog/2.jpg]
[datrics.themetags.com/img/blog/3.jpg]
[datrics.themetags.com/img/client-1.jpg]
[datrics.themetags.com/img/client-2.jpg]
[datrics.themetags.com/img/client-3.jpg]
[datrics.themetags.com/img/team-1.png]
[datrics.themetags.com/img/team-3.png]
[datrics.themetags.com/img/team-2.png]
[datrics.themetags.com/js/jquery-3.4.1.min.js]
[datrics.themetags.com/js/popper.min.js]
[datrics.themetags.com/js/bootstrap.min.js]
[datrics.themetags.com/js/jquery.magnific-popup.min.js]
[datrics.themetags.com/js/jquery.easing.min.js]
[datrics.themetags.com/js/jquery.mb.YTPlayer.min.js]
[datrics.themetags.com/js/mixitup.min.js]
[datrics.themetags.com/js/wow.min.js]
[datrics.themetags.com/js/owl.carousel.min.js]
[datrics.themetags.com/js/jquery.countdown.min.js]
[datrics.themetags.com/index.html]
[datrics.themetags.com/css/bootstrap.min.css]
[datrics.themetags.com/css/magnific-popup.css]
[datrics.themetags.com/js/scripts.js]
[datrics.themetags.com/fonts/themify9f24.eot]
[datrics.themetags.com/fonts/themifyd41d.eot]
[datrics.themetags.com/fonts/themify9f24.woff]
[datrics.themetags.com/fonts/themify9f24.ttf]
[datrics.themetags.com/css/themify-icons.css]
[datrics.themetags.com/fonts/themify9f24.svg]
[datrics.themetags.com/webfonts/fa-brands-400.eot]
[datrics.themetags.com/webfonts/fa-brands-400d41d.eot]
[datrics.themetags.com/webfonts/fa-brands-400.woff2]
[datrics.themetags.com/webfonts/fa-brands-400.woff]
[datrics.themetags.com/webfonts/fa-brands-400.ttf]
[datrics.themetags.com/webfonts/fa-regular-400.eot]
[datrics.themetags.com/webfonts/fa-brands-400.svg]
[datrics.themetags.com/webfonts/fa-regular-400d41d.eot]
[datrics.themetags.com/webfonts/fa-regular-400.woff2]
[datrics.themetags.com/webfonts/fa-regular-400.woff]
[datrics.themetags.com/webfonts/fa-regular-400.ttf]
[datrics.themetags.com/webfonts/fa-regular-400.svg]
[datrics.themetags.com/webfonts/fa-solid-900.eot]
[datrics.themetags.com/webfonts/fa-solid-900d41d.eot]
[datrics.themetags.com/webfonts/fa-solid-900.woff2]
[datrics.themetags.com/webfonts/fa-solid-900.woff]
[datrics.themetags.com/webfonts/fa-solid-900.ttf]
[datrics.themetags.com/css/all.min.css]
[datrics.themetags.com/css/animate.min.css]
[datrics.themetags.com/webfonts/fa-solid-900.svg]
[datrics.themetags.com/css/jquery.mb.YTPlayer.min.css]
[datrics.themetags.com/css/owl.carousel.min.css]
[datrics.themetags.com/css/owl.theme.default.min.css]
[datrics.themetags.com/img/hero-bg-shape.svg]
[datrics.themetags.com/img/slider-bg-2.svg]
[datrics.themetags.com/img/slider-bg-1.svg]
[datrics.themetags.com/img/blog/4.jpg]
[datrics.themetags.com/img/blog/5.jpg]
[datrics.themetags.com/img/blog/6.jpg]
[datrics.themetags.com/img/dot.svg]
[datrics.themetags.com/img/globe-bg.png]
[datrics.themetags.com/css/style.css]
[datrics.themetags.com/css/responsive.css]
[datrics.themetags.com/index-2.html]
[datrics.themetags.com/img/bg-shape.svg]
[datrics.themetags.com/img/hero-single-img-3.svg]
[datrics.themetags.com/img/about-us.jpg]
[datrics.themetags.com/img/cta-bg.svg]
[datrics.themetags.com/img/client-4.jpg]
[datrics.themetags.com/index-3.html]
[datrics.themetags.com/img/logo-color.png]
[datrics.themetags.com/index-4.html]
[datrics.themetags.com/img/hero-animation-03.svg]
[datrics.themetags.com/img/grop-shape-3.svg]
[datrics.themetags.com/img/grop-shape-2.svg]
[datrics.themetags.com/img/combined-shape.svg]
[datrics.themetags.com/img/hero-single-img-6.svg]
[datrics.themetags.com/img/hero-bottom-shape-2.svg]
[datrics.themetags.com/img/promo-img-1.svg]
[datrics.themetags.com/img/promo-img-2.svg]
[datrics.themetags.com/img/promo-img-3.svg]
[datrics.themetags.com/img/header-bg-1.jpg]
[datrics.themetags.com/img/team-4.png]
[datrics.themetags.com/index-5.html]
[datrics.themetags.com/img/hero-animation-05.svg]
[datrics.themetags.com/img/search.svg]
[datrics.themetags.com/img/about-us-2.jpg]
[datrics.themetags.com/img/team-6.png]
[datrics.themetags.com/img/team-7.png]
[datrics.themetags.com/img/team-8.png]
[datrics.themetags.com/img/team-5.png]
[datrics.themetags.com/index-6.html]
[datrics.themetags.com/img/hero-section-bg.svg]
[datrics.themetags.com/img/hero-animation-04.svg]
[datrics.themetags.com/img/hero-animation-06.svg]
[datrics.themetags.com/img/about-1.jpg]
[datrics.themetags.com/img/about-2.jpg]
[datrics.themetags.com/img/clients-logo-01.png]
[datrics.themetags.com/img/clients-logo-02.png]
[datrics.themetags.com/img/clients-logo-03.png]
[datrics.themetags.com/img/clients-logo-04.png]
[datrics.themetags.com/img/clients-logo-05.png]
[datrics.themetags.com/img/clients-logo-06.png]
[datrics.themetags.com/img/clients-logo-07.png]
[datrics.themetags.com/img/clients-logo-08.png]
[datrics.themetags.com/index-7.html]
[datrics.themetags.com/img/header-bg-5.jpg]
[datrics.themetags.com/about-us.html]
[datrics.themetags.com/services.html]
[datrics.themetags.com/team.html]
[datrics.themetags.com/team-single.html]
[datrics.themetags.com/img/project-details.jpg]
[datrics.themetags.com/project-details.html]
[datrics.themetags.com/img/images.jpg]
[datrics.themetags.com/services-details.html]
[datrics.themetags.com/basic-login.html]
[datrics.themetags.com/img/slider-img-1.jpg]
[datrics.themetags.com/login.html]
[datrics.themetags.com/basic-sign-up.html]
[datrics.themetags.com/sign-up.html]
[datrics.themetags.com/password-reset.html]
[datrics.themetags.com/change-password.html]
[datrics.themetags.com/img/ipad-image.png]
[datrics.themetags.com/download.html]
[datrics.themetags.com/img/client-5.jpg]
[datrics.themetags.com/review.html]
[datrics.themetags.com/faq.html]
[datrics.themetags.com/404.html]
[datrics.themetags.com/coming-soon.html]
[datrics.themetags.com/thank-you.html]
[datrics.themetags.com/img/basic.svg]
[datrics.themetags.com/img/standard.svg]
[datrics.themetags.com/project.html]
[datrics.themetags.com/blog-default.html]
[datrics.themetags.com/img/unlimited.svg]
[datrics.themetags.com/img/blog/1-w.jpg]
[datrics.themetags.com/img/blog/2-w.jpg]
[datrics.themetags.com/img/blog/3-w.jpg]
[datrics.themetags.com/img/blog/4-w.jpg]
[datrics.themetags.com/blog-no-sidebar.html]
[datrics.themetags.com/blog-left-sidebar.html]
[datrics.themetags.com/blog-right-sidebar.html]
[datrics.themetags.com/blog-right-sidebar-2.html]
[datrics.themetags.com/blog-single-left-sidebar.html]
[datrics.themetags.com/blog-single-right-sidebar.html]
[datrics.themetags.com/contact-us.html]
[datrics.themetags.com/img/bg-illustration.svg]
[datrics.themetags.com/img/hero-bottom-shape.svg]
[datrics.themetags.com/img/hero-animation-01.svg]
[datrics.themetags.com/img/hero-single-img-5.svg]
[datrics.themetags.com/img/hero-single-img-1.svg]
[datrics.themetags.com/img/consult.svg]
[datrics.themetags.com/img/machine-learning.svg]
[datrics.themetags.com/img/data-analytics.svg]
[datrics.themetags.com/img/data-security.svg]
[datrics.themetags.com/img/artificial-intelligence.svg]
[datrics.themetags.com/img/internet-things.svg]
[datrics.themetags.com/fonts/themify9f24.svg]
[datrics.themetags.com/webfonts/fa-brands-400.svg]
[datrics.themetags.com/webfonts/fa-regular-400.svg]
[datrics.themetags.com/webfonts/fa-solid-900.svg]
[datrics.themetags.com/css/font/ytp-regular.html]
[datrics.themetags.com/css/owl.video.play.html]
[datrics.themetags.com/img/hero-bg-shape.svg]
[datrics.themetags.com/img/slider-bg-2.svg]
[datrics.themetags.com/img/slider-bg-1.svg]
[datrics.themetags.com/img/dot.svg]
[datrics.themetags.com/img/bg-shape.svg]
[datrics.themetags.com/img/hero-single-img-3.svg]
[datrics.themetags.com/img/cta-bg.svg]
[datrics.themetags.com/img/hero-animation-03.svg]
[datrics.themetags.com/img/grop-shape-3.svg]
[datrics.themetags.com/img/grop-shape-2.svg]
[datrics.themetags.com/img/hero-single-img-6.svg]
[datrics.themetags.com/img/combined-shape.svg]
[datrics.themetags.com/img/hero-bottom-shape-2.svg]
[datrics.themetags.com/img/promo-img-1.svg]
[datrics.themetags.com/img/promo-img-2.svg]
[datrics.themetags.com/img/promo-img-3.svg]
[datrics.themetags.com/img/hero-animation-05.svg]
[datrics.themetags.com/img/search.svg]
[datrics.themetags.com/img/hero-section-bg.svg]
[datrics.themetags.com/img/hero-animation-04.svg]
[datrics.themetags.com/img/hero-animation-06.svg]
[datrics.themetags.com/img/basic.svg]
[datrics.themetags.com/img/standard.svg]
[datrics.themetags.com/img/unlimited.svg]
[datrics.themetags.com/blog-single.html]
[datrics.themetags.com/img/DF554B1C.html]
